h1\font\archimotoroundedthin\archimotoroundedthin10-01.tga
h1\font\archimotoroundedthin\archimotoroundedthin10-02.tga
h1\font\archimotoroundedthin\archimotoroundedthin10-03.tga
h1\font\archimotoroundedthin\archimotoroundedthin10-04.tga
h1\font\archimotoroundedthin\archimotoroundedthin11-01.tga
h1\font\archimotoroundedthin\archimotoroundedthin11-02.tga
h1\font\archimotoroundedthin\archimotoroundedthin11-03.tga
h1\font\archimotoroundedthin\archimotoroundedthin11-04.tga
h1\font\archimotoroundedthin\archimotoroundedthin12-01.tga
h1\font\archimotoroundedthin\archimotoroundedthin12-02.tga
h1\font\archimotoroundedthin\archimotoroundedthin12-03.tga
h1\font\archimotoroundedthin\archimotoroundedthin12-04.tga
h1\font\archimotoroundedthin\archimotoroundedthin13-01.tga
h1\font\archimotoroundedthin\archimotoroundedthin13-02.tga
h1\font\archimotoroundedthin\archimotoroundedthin13-03.tga
h1\font\archimotoroundedthin\archimotoroundedthin13-04.tga
h1\font\archimotoroundedthin\archimotoroundedthin14-01.tga
h1\font\archimotoroundedthin\archimotoroundedthin14-02.tga
h1\font\archimotoroundedthin\archimotoroundedthin14-03.tga
h1\font\archimotoroundedthin\archimotoroundedthin14-04.tga
h1\font\archimotoroundedthin\archimotoroundedthin15-01.tga
h1\font\archimotoroundedthin\archimotoroundedthin15-02.tga
h1\font\archimotoroundedthin\archimotoroundedthin15-03.tga
h1\font\archimotoroundedthin\archimotoroundedthin15-04.tga
h1\font\archimotoroundedthin\archimotoroundedthin16-01.tga
h1\font\archimotoroundedthin\archimotoroundedthin16-02.tga
h1\font\archimotoroundedthin\archimotoroundedthin16-03.tga
h1\font\archimotoroundedthin\archimotoroundedthin16-04.tga
h1\font\archimotoroundedthin\archimotoroundedthin17-01.tga
h1\font\archimotoroundedthin\archimotoroundedthin17-02.tga
h1\font\archimotoroundedthin\archimotoroundedthin17-03.tga
h1\font\archimotoroundedthin\archimotoroundedthin17-04.tga
h1\font\archimotoroundedthin\archimotoroundedthin18-01.tga
h1\font\archimotoroundedthin\archimotoroundedthin18-02.tga
h1\font\archimotoroundedthin\archimotoroundedthin18-03.tga
h1\font\archimotoroundedthin\archimotoroundedthin18-04.tga
h1\font\archimotoroundedthin\archimotoroundedthin19-01.tga
h1\font\archimotoroundedthin\archimotoroundedthin19-02.tga
h1\font\archimotoroundedthin\archimotoroundedthin19-03.tga
h1\font\archimotoroundedthin\archimotoroundedthin19-04.tga
h1\font\archimotoroundedthin\archimotoroundedthin20-01.tga
h1\font\archimotoroundedthin\archimotoroundedthin20-02.tga
h1\font\archimotoroundedthin\archimotoroundedthin20-03.tga
h1\font\archimotoroundedthin\archimotoroundedthin20-04.tga
h1\font\archimotoroundedthin\archimotoroundedthin21-01.tga
h1\font\archimotoroundedthin\archimotoroundedthin21-02.tga
h1\font\archimotoroundedthin\archimotoroundedthin21-03.tga
h1\font\archimotoroundedthin\archimotoroundedthin21-04.tga
h1\font\archimotoroundedthin\archimotoroundedthin22-01.tga
h1\font\archimotoroundedthin\archimotoroundedthin22-02.tga
h1\font\archimotoroundedthin\archimotoroundedthin22-03.tga
h1\font\archimotoroundedthin\archimotoroundedthin22-04.tga
h1\font\archimotoroundedthin\archimotoroundedthin23-01.tga
h1\font\archimotoroundedthin\archimotoroundedthin23-02.tga
h1\font\archimotoroundedthin\archimotoroundedthin23-03.tga
h1\font\archimotoroundedthin\archimotoroundedthin23-04.tga
h1\font\archimotoroundedthin\archimotoroundedthin24-01.tga
h1\font\archimotoroundedthin\archimotoroundedthin24-02.tga
h1\font\archimotoroundedthin\archimotoroundedthin24-03.tga
h1\font\archimotoroundedthin\archimotoroundedthin24-04.tga
h1\font\archimotoroundedthin\archimotoroundedthin25-01.tga
h1\font\archimotoroundedthin\archimotoroundedthin25-02.tga
h1\font\archimotoroundedthin\archimotoroundedthin25-03.tga
h1\font\archimotoroundedthin\archimotoroundedthin25-04.tga
h1\font\archimotoroundedthin\archimotoroundedthin26-01.tga
h1\font\archimotoroundedthin\archimotoroundedthin26-02.tga
h1\font\archimotoroundedthin\archimotoroundedthin26-03.tga
h1\font\archimotoroundedthin\archimotoroundedthin26-04.tga
h1\font\archimotoroundedthin\archimotoroundedthin27-01.tga
h1\font\archimotoroundedthin\archimotoroundedthin27-02.tga
h1\font\archimotoroundedthin\archimotoroundedthin27-03.tga
h1\font\archimotoroundedthin\archimotoroundedthin27-04.tga
h1\font\archimotoroundedthin\archimotoroundedthin28-01.tga
h1\font\archimotoroundedthin\archimotoroundedthin28-02.tga
h1\font\archimotoroundedthin\archimotoroundedthin28-03.tga
h1\font\archimotoroundedthin\archimotoroundedthin28-04.tga
h1\font\archimotoroundedthin\archimotoroundedthin29-01.tga
h1\font\archimotoroundedthin\archimotoroundedthin29-02.tga
h1\font\archimotoroundedthin\archimotoroundedthin29-03.tga
h1\font\archimotoroundedthin\archimotoroundedthin29-04.tga
h1\font\archimotoroundedthin\archimotoroundedthin30-01.tga
h1\font\archimotoroundedthin\archimotoroundedthin30-02.tga
h1\font\archimotoroundedthin\archimotoroundedthin30-03.tga
h1\font\archimotoroundedthin\archimotoroundedthin30-04.tga
h1\font\archimotoroundedthin\archimotoroundedthin31-01.tga
h1\font\archimotoroundedthin\archimotoroundedthin31-02.tga
h1\font\archimotoroundedthin\archimotoroundedthin31-03.tga
h1\font\archimotoroundedthin\archimotoroundedthin31-04.tga
h1\font\archimotoroundedthin\archimotoroundedthin34-01.tga
h1\font\archimotoroundedthin\archimotoroundedthin34-02.tga
h1\font\archimotoroundedthin\archimotoroundedthin34-03.tga
h1\font\archimotoroundedthin\archimotoroundedthin34-04.tga
h1\font\archimotoroundedthin\archimotoroundedthin35-01.tga
h1\font\archimotoroundedthin\archimotoroundedthin35-02.tga
h1\font\archimotoroundedthin\archimotoroundedthin35-03.tga
h1\font\archimotoroundedthin\archimotoroundedthin35-04.tga
h1\font\archimotoroundedthin\archimotoroundedthin37-01.tga
h1\font\archimotoroundedthin\archimotoroundedthin37-02.tga
h1\font\archimotoroundedthin\archimotoroundedthin37-03.tga
h1\font\archimotoroundedthin\archimotoroundedthin37-04.tga
h1\font\archimotoroundedthin\archimotoroundedthin46-01.tga
h1\font\archimotoroundedthin\archimotoroundedthin46-02.tga
h1\font\archimotoroundedthin\archimotoroundedthin46-03.tga
h1\font\archimotoroundedthin\archimotoroundedthin46-04.tga
h1\font\archimotoroundedthin\archimotoroundedthin6-01.tga
h1\font\archimotoroundedthin\archimotoroundedthin6-02.tga
h1\font\archimotoroundedthin\archimotoroundedthin6-03.tga
h1\font\archimotoroundedthin\archimotoroundedthin6-04.tga
h1\font\archimotoroundedthin\archimotoroundedthin7-01.tga
h1\font\archimotoroundedthin\archimotoroundedthin7-02.tga
h1\font\archimotoroundedthin\archimotoroundedthin7-03.tga
h1\font\archimotoroundedthin\archimotoroundedthin7-04.tga
h1\font\archimotoroundedthin\archimotoroundedthin8-01.tga
h1\font\archimotoroundedthin\archimotoroundedthin8-02.tga
h1\font\archimotoroundedthin\archimotoroundedthin8-03.tga
h1\font\archimotoroundedthin\archimotoroundedthin8-04.tga
h1\font\archimotoroundedthin\archimotoroundedthin9-01.tga
h1\font\archimotoroundedthin\archimotoroundedthin9-02.tga
h1\font\archimotoroundedthin\archimotoroundedthin9-03.tga
h1\font\archimotoroundedthin\archimotoroundedthin9-04.tga
